// Jest Snapshot v1, https://goo.gl/fbAQLP

exports[`Metrics: Lantern LCP should compute predicted value 1`] = `
Object {
  "optimistic": 17789,
  "pessimistic": 17789,
  "timing": 17789,
}
`;
